// Jest Snapshot v1, https://goo.gl/fbAQLP

exports[`Details should render Page correctly 1`] = `[Function]`;
