// Jest Snapshot v1, https://goo.gl/fbAQLP

exports[`Favourite should render Favourite Page correctly 1`] = `[Function]`;
