// Jest Snapshot v1, https://goo.gl/fbAQLP

exports[`Page should render Page correctly 1`] = `[Function]`;
