// Jest Snapshot v1, https://goo.gl/fbAQLP

exports[`Head should render Head component correctly 1`] = `[Function]`;
